// Jest Snapshot v1, https://goo.gl/fbAQLP

exports[`First page renders correctly 1`] = `
<View
  style={
    Object {
      "flex": 1,
      "justifyContent": "center",
      "padding": 20,
    }
  }
>
  <Text
    style={
      Object {
        "color": "#000",
        "fontSize": 20,
        "fontWeight": "bold",
        "marginBottom": 20,
      }
    }
  >
    Name
  </Text>
  <TextInput
    allowFontScaling={true}
    onChangeText={[Function]}
    placeholder="Enter you name"
    rejectResponderTermination={true}
    testID="name"
    underlineColorAndroid="transparent"
    value=""
  />
  <View>
    <Text
      style={
        Object {
          "color": "#000",
          "fontSize": 24,
          "fontWeight": "bold",
          "marginTop": 20,
        }
      }
    >
      
    </Text>
  </View>
</View>
`;
