// Jest Snapshot v1, https://goo.gl/fbAQLP

exports[`Login page renders correctly 1`] = `
<View
  style={
    Object {
      "flex": 1,
      "justifyContent": "center",
      "padding": 20,
    }
  }
>
  <Text
    style={
      Object {
        "color": "#000",
        "fontSize": 24,
        "fontWeight": "bold",
        "marginBottom": 20,
      }
    }
  >
    Login
  </Text>
  <TextInput
    allowFontScaling={true}
    onChangeText={[Function]}
    placeholder="Enter you email"
    rejectResponderTermination={true}
    underlineColorAndroid="transparent"
    value=""
  />
  <TextInput
    allowFontScaling={true}
    onChangeText={[Function]}
    placeholder="Enter you password"
    rejectResponderTermination={true}
    secureTextEntry={true}
    style={
      Object {
        "marginTop": 16,
      }
    }
    underlineColorAndroid="transparent"
    value=""
  />
  <View
    accessible={true}
    focusable={true}
    onClick={[Function]}
    onResponderGrant={[Function]}
    onResponderMove={[Function]}
    onResponderRelease={[Function]}
    onResponderTerminate={[Function]}
    onResponderTerminationRequest={[Function]}
    onStartShouldSetResponder={[Function]}
    style={
      Object {
        "alignItems": "center",
        "backgroundColor": "#000",
        "borderRadius": 5,
        "justifyContent": "center",
        "marginTop": 20,
        "opacity": 1,
        "padding": 10,
      }
    }
  >
    <Text
      style={
        Object {
          "color": "#fff",
          "fontSize": 16,
          "fontWeight": "400",
        }
      }
    >
      Login
    </Text>
  </View>
</View>
`;
